// Jest Snapshot v1, https://goo.gl/fbAQLP

exports[`should render properly 1`] = `
<div>
  <div>
    <mock-FormattedMessage
      defaultMessage="Shipping Method"
      id="orderDetails.shippingMethodLabel"
    />
  </div>
  <div />
  <div>
    <span>
      <mock-FormattedMessage
        id="orderDetails.trackingInformation"
        values={
          Object {
            "number": "FEDEX5885541235452125",
            "strong": [Function],
          }
        }
      />
    </span>
  </div>
</div>
`;
